// Jest Snapshot v1, https://goo.gl/fbAQLP

exports[`renders table snapshot 1`] = `
<DocumentFragment>
  <div
    class="overflow-x-auto"
  >
    <table
      class="w-full border-collapse"
    >
      <thead>
        <tr
          class="border-b-2 border-gray-200"
        >
          <th
            class="px-3 py-1 text-left font-medium"
          >
            Symbol
          </th>
          <th
            class="px-3 py-1 text-left font-medium"
          >
            Fund Name
          </th>
          <th
            class="px-3 py-1 text-left font-medium"
          >
            Type
          </th>
          <th
            class="px-3 py-1 text-center font-medium"
          >
            Score
          </th>
          <th
            class="px-3 py-1 text-right font-medium"
          >
            YTD
          </th>
          <th
            class="px-3 py-1 text-right font-medium"
          >
            1Y
          </th>
          <th
            class="px-3 py-1 text-right font-medium hidden sm:table-cell"
          >
            3Y
          </th>
          <th
            class="px-3 py-1 text-right font-medium hidden sm:table-cell"
          >
            5Y
          </th>
          <th
            class="px-3 py-1 text-right font-medium"
          >
            Sharpe
          </th>
          <th
            class="px-3 py-1 text-right font-medium hidden sm:table-cell"
          >
            Std Dev (5Y)
          </th>
          <th
            class="px-3 py-1 text-right font-medium hidden sm:table-cell"
          >
            Expense
          </th>
          <th
            class="px-3 py-1 text-left font-medium"
          >
            Tags
          </th>
        </tr>
      </thead>
      <tbody>
        <tr
          class="border-b cursor-pointer "
          role="button"
          tabindex="0"
        >
          <td
            class="px-3 py-1"
          >
            ABC
          </td>
          <td
            class="px-3 py-1"
          >
            Alpha Fund
          </td>
          <td
            class="px-3 py-1"
          />
          <td
            class="px-3 py-1 text-center"
          >
            <span
              class="inline-flex items-center font-medium rounded-full border text-sm px-3 py-1 bg-green-100 text-green-700"
              style="border-color: #16a34a50;"
            >
              75 - Strong
            </span>
          </td>
          <td
            class="px-3 py-1 text-right"
          >
            2.00 %
          </td>
          <td
            class="px-3 py-1 text-right"
          >
            10.00 %
          </td>
          <td
            class="px-3 py-1 text-right hidden sm:table-cell"
          >
            12.00 %
          </td>
          <td
            class="px-3 py-1 text-right hidden sm:table-cell"
          >
            15.00 %
          </td>
          <td
            class="px-3 py-1 text-right"
          >
            0.80
          </td>
          <td
            class="px-3 py-1 text-right hidden sm:table-cell"
          >
            18.00 %
          </td>
          <td
            class="px-3 py-1 text-right hidden sm:table-cell"
          >
            0.50 %
          </td>
          <td
            class="px-3 py-1"
          >
            <div
              style="display: flex; flex-wrap: wrap; gap: 0.25rem;"
            >
              <span
                style="background-color: rgba(22, 163, 74, 0.125); color: rgb(22, 163, 74); border: 1px solid #16a34a40; border-radius: 9999px; font-size: 0.7rem; padding: 0.125rem 0.5rem;"
              >
                outperformer
              </span>
            </div>
          </td>
        </tr>
      </tbody>
    </table>
  </div>
</DocumentFragment>
`;
